******************************************************************************
                  TI ARM Linker PC v20.2.7                     
******************************************************************************
>> Linked Fri Jan 30 16:55:51 2026

OUTPUT FILE NAME:   <Lab1.out>
ENTRY POINT SYMBOL: "_c_int00_noargs"  address: 00002af5


MEMORY CONFIGURATION

         name            origin    length      used     unused   attr    fill
----------------------  --------  ---------  --------  --------  ----  --------
  FLASH                 00000000   00040000  00002e4f  0003d1b1  R  X
  SRAM                  20000000   00008000  000022f1  00005d0f  RW X


SEGMENT ALLOCATION MAP

run origin  load origin   length   init length attrs members
----------  ----------- ---------- ----------- ----- -------
00000000    00000000    00002e50   00002e50    r-x
  00000000    00000000    0000026c   0000026c    r-- .intvecs
  0000026c    0000026c    00002a98   00002a98    r-x .text
  00002d04    00002d04    0000010b   0000010b    r-- .const
  00002e10    00002e10    00000040   00000040    r-- .cinit
20000000    20000000    000022f5   00000000    rw-
  20000000    20000000    0000026c   00000000    rw- .vtable
  20000270    20000270    00001000   00000000    rw- .stack
  20001270    20001270    00001000   00000000    rw- .sysmem
  20002270    20002270    0000006c   00000000    rw- .bss
  200022dc    200022dc    00000019   00000000    rw- .data


SECTION ALLOCATION MAP

 output                                  attributes/
section   page    origin      length       input sections
--------  ----  ----------  ----------   ----------------
.intvecs   0    00000000    0000026c     
                  00000000    0000026c     tm4c123gh6pm_startup_ccs.obj (.intvecs)

.text      0    0000026c    00002a98     
                  0000026c    00000a4e     rtsv7M4_T_le_v4SPD16_eabi.lib : _printfi.c.obj (.text:__TI_printfi)
                  00000cba    00000002                                   : _lock.c.obj (.text:_nop)
                  00000cbc    00000328     lcd.obj (.text)
                  00000fe4    00000270     rtsv7M4_T_le_v4SPD16_eabi.lib : _printfi.c.obj (.text:_pconv_a)
                  00001254    00000248     Timer.obj (.text)
                  0000149c    000001d0     rtsv7M4_T_le_v4SPD16_eabi.lib : _printfi.c.obj (.text:_pconv_g)
                  0000166c    000001b6                                   : fd_add_t2.asm.obj (.text)
                  00001822    00000002                                   : div0.asm.obj (.text)
                  00001824    0000014c                                   : vla_alloc.c.obj (.text:__vla_alloc)
                  00001970    0000013c                                   : _printfi.c.obj (.text:_pconv_e)
                  00001aac    00000136                                   : fd_div_t2.asm.obj (.text)
                  00001be2    00000002     --HOLE-- [fill = 0]
                  00001be4    00000124                                   : _printfi.c.obj (.text:fcvt)
                  00001d08    00000110                                   : s_scalbn.c.obj (.text:scalbn)
                  00001e18    00000100                                   : memory.c.obj (.text:aligned_alloc)
                  00001f18    00000100     helloworld.obj (.text)
                  00002018    000000fc     rtsv7M4_T_le_v4SPD16_eabi.lib : fd_mul_t2.asm.obj (.text)
                  00002114    000000e4                                   : memory.c.obj (.text:free)
                  000021f8    000000e4                                   : memory.c.obj (.text:realloc)
                  000022dc    000000b1                                   : _printfi.c.obj (.text:_ltostr)
                  0000238d    00000001     --HOLE-- [fill = 0]
                  0000238e    0000009c                                   : memcpy_t2.asm.obj (.text)
                  0000242a    00000096                                   : ull_div_t2.asm.obj (.text)
                  000024c0    00000086                                   : fd_cmp_t2.asm.obj (.text:__aeabi_cdcmple)
                  00002546    00000086                                   : fd_cmp_t2.asm.obj (.text:__aeabi_cdrcmple)
                  000025cc    0000007a                                   : memset_t2.asm.obj (.text)
                  00002646    00000002     --HOLE-- [fill = 0]
                  00002648    00000078                                   : vla_alloc.c.obj (.text:_ZN33_INTERNAL_11_vla_alloc_c_be8bd49b21free_dead_allocationsEPv)
                  000026c0    00000070                                   : memory.c.obj (.text:split)
                  00002730    0000006e                                   : _printfi.c.obj (.text:_mcpy)
                  0000279e    00000068                                   : copy_decompress_lzss.c.obj (.text:decompress:lzss:__TI_decompress_lzss)
                  00002806    00000002     --HOLE-- [fill = 0]
                  00002808    00000064                                   : s_frexp.c.obj (.text:frexp)
                  0000286c    00000056                                   : _printfi.c.obj (.text:_pconv_f)
                  000028c2    00000054                                   : _ltoa.c.obj (.text:__TI_ltoa)
                  00002916    00000052                                   : _printfi.c.obj (.text:_ecpy)
                  00002968    0000004c                                   : atoi.c.obj (.text:atoi)
                  000029b4    00000048                                   : fd_toi_t2.asm.obj (.text)
                  000029fc    00000044                                   : autoinit.c.obj (.text:__TI_auto_init_nobinit_nopinit:__TI_auto_init_nobinit_nopinit)
                  00002a40    00000040                                   : vsnprintf.c.obj (.text:vsnprintf)
                  00002a80    0000003e                                   : _printfi.c.obj (.text:_fcpy)
                  00002abe    00000002     --HOLE-- [fill = 0]
                  00002ac0    00000034     driverlib.lib : interrupt.obj (.text:IntRegister)
                  00002af4    00000034     rtsv7M4_T_le_v4SPD16_eabi.lib : boot_cortex_m.c.obj (.text:_c_int00_noargs:_c_int00_noargs)
                  00002b28    00000030                                   : vsnprintf.c.obj (.text:_outs)
                  00002b58    0000002e                                   : i_tofd_t2.asm.obj (.text)
                  00002b86    00000002     --HOLE-- [fill = 0]
                  00002b88    00000028                                   : memory.c.obj (.text:free_list_insert)
                  00002bb0    0000001e                                   : strcat.c.obj (.text:strcat)
                  00002bce    0000001c                                   : copy_zero_init.c.obj (.text:decompress:ZI:__TI_zero_init_nomemset:__TI_zero_init_nomemset)
                  00002bea    00000002     --HOLE-- [fill = 0]
                  00002bec    0000001c                                   : memory.c.obj (.text:free_list_remove)
                  00002c08    0000001c                                   : memccpy.c.obj (.text:memccpy)
                  00002c24    0000001a                                   : s_copysign.c.obj (.text:copysign)
                  00002c3e    00000018                                   : vsnprintf.c.obj (.text:_outc)
                  00002c56    00000018                                   : strcmp.c.obj (.text:strcmp)
                  00002c6e    00000016                                   : strchr.c.obj (.text:strchr)
                  00002c84    00000014                                   : strcpy.c.obj (.text:strcpy)
                  00002c98    00000014                                   : strlen.c.obj (.text:strlen)
                  00002cac    00000012                                   : wcslen.c.obj (.text:wcslen)
                  00002cbe    00000010     lcd.obj (.text:lcd_clear)
                  00002cce    0000000e     rtsv7M4_T_le_v4SPD16_eabi.lib : copy_decompress_none.c.obj (.text:decompress:none:__TI_decompress_none)
                  00002cdc    0000000c     tm4c123gh6pm_startup_ccs.obj (.text)
                  00002ce8    00000008     rtsv7M4_T_le_v4SPD16_eabi.lib : errno.c.obj (.text:__aeabi_errno_addr)
                  00002cf0    00000008                                   : memory.c.obj (.text:malloc)
                  00002cf8    00000004                                   : error.c.obj (.text:__abort_execution)
                  00002cfc    00000004                                   : pre_init.c.obj (.text:_system_pre_init)
                  00002d00    00000004                                   : exit.c.obj (.text:abort:abort)

.const     0    00002d04    0000010b     
                  00002d04    00000101     rtsv7M4_T_le_v4SPD16_eabi.lib : ctype.c.obj (.const:.string:_ctypes_)
                  00002e05    00000004     lcd.obj (.const:.string:lineAddress$1)
                  00002e09    00000004     lcd.obj (.const:.string:lineAddresses$2)
                  00002e0d    00000002     helloworld.obj (.const:.string:$P$T1$1)

.cinit     0    00002e10    00000040     
                  00002e10    0000000c     (.cinit..data.load) [load image, compression = lzss]
                  00002e1c    0000000c     (__TI_handler_table)
                  00002e28    00000008     (.cinit..bss.load) [load image, compression = zero_init]
                  00002e30    00000008     (.cinit..vtable.load) [load image, compression = zero_init]
                  00002e38    00000018     (__TI_cinit_table)

.init_array 
*          0    00000000    00000000     UNINITIALIZED

.vtable    0    20000000    0000026c     UNINITIALIZED
                  20000000    0000026c     driverlib.lib : interrupt.obj (.vtable)

.stack     0    20000270    00001000     UNINITIALIZED
                  20000270    00000004     rtsv7M4_T_le_v4SPD16_eabi.lib : boot_cortex_m.c.obj (.stack)
                  20000274    00000ffc     --HOLE--

.sysmem    0    20001270    00001000     UNINITIALIZED
                  20001270    00000010     rtsv7M4_T_le_v4SPD16_eabi.lib : memory.c.obj (.sysmem)
                  20001280    00000ff0     --HOLE--

.bss       0    20002270    0000006c     UNINITIALIZED
                  20002270    00000054     lcd.obj (.bss:lastbuffer$3)
                  200022c4    00000004     (.common:_timeout_ticks)
                  200022c8    00000004     (.common:charSelect)
                  200022cc    00000004     (.common:i)
                  200022d0    00000004     (.common:loops)
                  200022d4    00000004     (.common:pos)
                  200022d8    00000004     (.common:spaces)

.data      0    200022dc    00000019     UNINITIALIZED
                  200022dc    00000008     rtsv7M4_T_le_v4SPD16_eabi.lib : _lock.c.obj (.data:$O1$$)
                  200022e4    00000008                                   : memory.c.obj (.data:$O1$$)
                  200022ec    00000004                                   : errno.c.obj (.data)
                  200022f0    00000004                                   : vla_alloc.c.obj (.data)
                  200022f4    00000001     Timer.obj (.data)

__llvm_prf_cnts 
*          0    20000000    00000000     UNINITIALIZED

MODULE SUMMARY

       Module                         code    ro data   rw data
       ------                         ----    -------   -------
    .\
       lcd.obj                        824     8         84     
       tm4c123gh6pm_startup_ccs.obj   12      620       0      
       Timer.obj                      584     0         5      
       helloworld.obj                 256     2         20     
    +--+------------------------------+-------+---------+---------+
       Total:                         1676    630       109    
                                                               
    C:/ti/TivaWare_C_Series-2.2.0.295/driverlib/ccs/Debug/driverlib.lib
       interrupt.obj                  52      0         620    
    +--+------------------------------+-------+---------+---------+
       Total:                         52      0         620    
                                                               
    C:\ti\ccs1271\ccs\tools\compiler\ti-cgt-arm_20.2.7.LTS\lib\rtsv7M4_T_le_v4SPD16_eabi.lib
       _printfi.c.obj                 4851    0         0      
       memory.c.obj                   900     0         8      
       vla_alloc.c.obj                452     0         4      
       fd_add_t2.asm.obj              438     0         0      
       fd_div_t2.asm.obj              310     0         0      
       s_scalbn.c.obj                 272     0         0      
       fd_cmp_t2.asm.obj              268     0         0      
       ctype.c.obj                    0       257       0      
       fd_mul_t2.asm.obj              252     0         0      
       memcpy_t2.asm.obj              156     0         0      
       ull_div_t2.asm.obj             150     0         0      
       vsnprintf.c.obj                136     0         0      
       memset_t2.asm.obj              122     0         0      
       copy_decompress_lzss.c.obj     104     0         0      
       s_frexp.c.obj                  100     0         0      
       _ltoa.c.obj                    84      0         0      
       atoi.c.obj                     76      0         0      
       fd_toi_t2.asm.obj              72      0         0      
       autoinit.c.obj                 68      0         0      
       boot_cortex_m.c.obj            52      0         0      
       i_tofd_t2.asm.obj              46      0         0      
       strcat.c.obj                   30      0         0      
       copy_zero_init.c.obj           28      0         0      
       memccpy.c.obj                  28      0         0      
       s_copysign.c.obj               26      0         0      
       strcmp.c.obj                   24      0         0      
       strchr.c.obj                   22      0         0      
       strcpy.c.obj                   20      0         0      
       strlen.c.obj                   20      0         0      
       wcslen.c.obj                   18      0         0      
       copy_decompress_none.c.obj     14      0         0      
       errno.c.obj                    8       0         4      
       _lock.c.obj                    2       0         8      
       error.c.obj                    4       0         0      
       exit.c.obj                     4       0         0      
       pre_init.c.obj                 4       0         0      
       div0.asm.obj                   2       0         0      
    +--+------------------------------+-------+---------+---------+
       Total:                         9163    257       24     
                                                               
       Heap:                          0       0         4096   
       Stack:                         0       0         4096   
       Linker Generated:              0       64        0      
    +--+------------------------------+-------+---------+---------+
       Grand Total:                   10891   951       8945   


LINKER GENERATED COPY TABLES

__TI_cinit_table @ 00002e38 records: 3, size/record: 8, table size: 24
	.data: load addr=00002e10, load size=0000000c bytes, run addr=200022dc, run size=00000019 bytes, compression=lzss
	.bss: load addr=00002e28, load size=00000008 bytes, run addr=20002270, run size=0000006c bytes, compression=zero_init
	.vtable: load addr=00002e30, load size=00000008 bytes, run addr=20000000, run size=0000026c bytes, compression=zero_init


LINKER GENERATED HANDLER TABLE

__TI_handler_table @ 00002e1c records: 3, size/record: 4, table size: 12
	index: 0, handler: __TI_zero_init
	index: 1, handler: __TI_decompress_lzss
	index: 2, handler: __TI_decompress_none


GLOBAL SYMBOLS: SORTED ALPHABETICALLY BY Name 

address   name                          
-------   ----                          
00002d01  C$$EXIT                       
00002ac1  IntRegister                   
00002cdd  ResetISR                      
20001270  __STACK_END                   
00001000  __STACK_SIZE                  
20000470  __STACK_TOP                   
00001000  __SYSMEM_SIZE                 
00002e38  __TI_CINIT_Base               
00002e50  __TI_CINIT_Limit              
00002e1c  __TI_Handler_Table_Base       
00002e28  __TI_Handler_Table_Limit      
000029fd  __TI_auto_init_nobinit_nopinit
0000279f  __TI_decompress_lzss          
00002ccf  __TI_decompress_none          
000028c3  __TI_ltoa                     
ffffffff  __TI_pprof_out_hndl           
0000026d  __TI_printfi                  
ffffffff  __TI_prof_data_size           
ffffffff  __TI_prof_data_start          
00000000  __TI_static_base__            
00002bcf  __TI_zero_init_nomemset       
00002cf9  __abort_execution             
000024c1  __aeabi_cdcmpeq               
000024c1  __aeabi_cdcmple               
00002547  __aeabi_cdrcmple              
000029b5  __aeabi_d2iz                  
00001677  __aeabi_dadd                  
00001aad  __aeabi_ddiv                  
00002019  __aeabi_dmul                  
0000166d  __aeabi_dsub                  
00002ce9  __aeabi_errno_addr            
00002b59  __aeabi_i2d                   
00001823  __aeabi_idiv0                 
00001823  __aeabi_ldiv0                 
000025cd  __aeabi_memclr                
000025cd  __aeabi_memclr4               
000025cd  __aeabi_memclr8               
0000238f  __aeabi_memcpy                
0000238f  __aeabi_memcpy4               
0000238f  __aeabi_memcpy8               
000025cf  __aeabi_memset                
000025cf  __aeabi_memset4               
000025cf  __aeabi_memset8               
0000242b  __aeabi_uldivmod              
ffffffff  __binit__                     
ffffffff  __c_args__                    
UNDEFED   __mpu_init                    
20000270  __stack                       
20000000  __start___llvm_prf_cnts       
20000000  __stop___llvm_prf_cnts        
00001825  __vla_alloc                   
00002af5  _c_int00_noargs               
00002d04  _ctypes_                      
200022dc  _lock                         
00000cbb  _nop                          
200022f4  _running                      
20001270  _sys_memory                   
UNDEFED   _system_post_cinit            
00002cfd  _system_pre_init              
200022c4  _timeout_ticks                
200022e0  _unlock                       
00002d01  abort                         
00001e19  aligned_alloc                 
00002969  atoi                          
ffffffff  binit                         
200022c8  charSelect                    
00002c25  copysign                      
00002c25  copysignl                     
200022ec  errno                         
00002115  free                          
00002809  frexp                         
00002809  frexpl                        
20000000  g_pfnRAMVectors               
00000000  g_pfnVectors                  
200022cc  i                             
00002cbf  lcd_clear                     
00000e91  lcd_gotoLine                  
00000cf9  lcd_init                      
00000ef7  lcd_printf                    
00000db9  lcd_putc                      
00000df1  lcd_puts                      
00000cbd  lcd_reverseNibble             
00000e0f  lcd_sendCommand               
00000e4d  lcd_sendNibble                
00000eb9  lcd_setCursorPos              
00001d09  ldexp                         
00001d09  ldexpl                        
200022d0  loops                         
00001f19  main                          
00002cf1  malloc                        
00001e19  memalign                      
00002c09  memccpy                       
0000238f  memcpy                        
000025d5  memset                        
200022d4  pos                           
000021f9  realloc                       
00001d09  scalbn                        
00001d09  scalbnl                       
200022d8  spaces                        
00002bb1  strcat                        
00002c6f  strchr                        
00002c57  strcmp                        
00002c85  strcpy                        
00002c99  strlen                        
00001373  timer_getMicros               
0000131b  timer_getMillis               
00001255  timer_init                    
000012f7  timer_pause                   
00001309  timer_resume                  
000012cd  timer_stop                    
000013cd  timer_waitMicros              
000013ff  timer_waitMillis              
00002a41  vsnprintf                     
00002cad  wcslen                        


GLOBAL SYMBOLS: SORTED BY Symbol Address 

address   name                          
-------   ----                          
00000000  __TI_static_base__            
00000000  g_pfnVectors                  
0000026d  __TI_printfi                  
00000cbb  _nop                          
00000cbd  lcd_reverseNibble             
00000cf9  lcd_init                      
00000db9  lcd_putc                      
00000df1  lcd_puts                      
00000e0f  lcd_sendCommand               
00000e4d  lcd_sendNibble                
00000e91  lcd_gotoLine                  
00000eb9  lcd_setCursorPos              
00000ef7  lcd_printf                    
00001000  __STACK_SIZE                  
00001000  __SYSMEM_SIZE                 
00001255  timer_init                    
000012cd  timer_stop                    
000012f7  timer_pause                   
00001309  timer_resume                  
0000131b  timer_getMillis               
00001373  timer_getMicros               
000013cd  timer_waitMicros              
000013ff  timer_waitMillis              
0000166d  __aeabi_dsub                  
00001677  __aeabi_dadd                  
00001823  __aeabi_idiv0                 
00001823  __aeabi_ldiv0                 
00001825  __vla_alloc                   
00001aad  __aeabi_ddiv                  
00001d09  ldexp                         
00001d09  ldexpl                        
00001d09  scalbn                        
00001d09  scalbnl                       
00001e19  aligned_alloc                 
00001e19  memalign                      
00001f19  main                          
00002019  __aeabi_dmul                  
00002115  free                          
000021f9  realloc                       
0000238f  __aeabi_memcpy                
0000238f  __aeabi_memcpy4               
0000238f  __aeabi_memcpy8               
0000238f  memcpy                        
0000242b  __aeabi_uldivmod              
000024c1  __aeabi_cdcmpeq               
000024c1  __aeabi_cdcmple               
00002547  __aeabi_cdrcmple              
000025cd  __aeabi_memclr                
000025cd  __aeabi_memclr4               
000025cd  __aeabi_memclr8               
000025cf  __aeabi_memset                
000025cf  __aeabi_memset4               
000025cf  __aeabi_memset8               
000025d5  memset                        
0000279f  __TI_decompress_lzss          
00002809  frexp                         
00002809  frexpl                        
000028c3  __TI_ltoa                     
00002969  atoi                          
000029b5  __aeabi_d2iz                  
000029fd  __TI_auto_init_nobinit_nopinit
00002a41  vsnprintf                     
00002ac1  IntRegister                   
00002af5  _c_int00_noargs               
00002b59  __aeabi_i2d                   
00002bb1  strcat                        
00002bcf  __TI_zero_init_nomemset       
00002c09  memccpy                       
00002c25  copysign                      
00002c25  copysignl                     
00002c57  strcmp                        
00002c6f  strchr                        
00002c85  strcpy                        
00002c99  strlen                        
00002cad  wcslen                        
00002cbf  lcd_clear                     
00002ccf  __TI_decompress_none          
00002cdd  ResetISR                      
00002ce9  __aeabi_errno_addr            
00002cf1  malloc                        
00002cf9  __abort_execution             
00002cfd  _system_pre_init              
00002d01  C$$EXIT                       
00002d01  abort                         
00002d04  _ctypes_                      
00002e1c  __TI_Handler_Table_Base       
00002e28  __TI_Handler_Table_Limit      
00002e38  __TI_CINIT_Base               
00002e50  __TI_CINIT_Limit              
20000000  __start___llvm_prf_cnts       
20000000  __stop___llvm_prf_cnts        
20000000  g_pfnRAMVectors               
20000270  __stack                       
20000470  __STACK_TOP                   
20001270  __STACK_END                   
20001270  _sys_memory                   
200022c4  _timeout_ticks                
200022c8  charSelect                    
200022cc  i                             
200022d0  loops                         
200022d4  pos                           
200022d8  spaces                        
200022dc  _lock                         
200022e0  _unlock                       
200022ec  errno                         
200022f4  _running                      
ffffffff  __TI_pprof_out_hndl           
ffffffff  __TI_prof_data_size           
ffffffff  __TI_prof_data_start          
ffffffff  __binit__                     
ffffffff  __c_args__                    
ffffffff  binit                         
UNDEFED   __mpu_init                    
UNDEFED   _system_post_cinit            

[114 symbols]
