******************************************************************************
                  TI ARM Linker PC v20.2.7                     
******************************************************************************
>> Linked Wed Feb 11 17:44:07 2026

OUTPUT FILE NAME:   <Lab2.out>
ENTRY POINT SYMBOL: "_c_int00_noargs"  address: 000038d9


MEMORY CONFIGURATION

         name            origin    length      used     unused   attr    fill
----------------------  --------  ---------  --------  --------  ----  --------
  FLASH                 00000000   00040000  00003c60  0003c3a0  R  X
  SRAM                  20000000   00008000  00002311  00005cef  RW X


SEGMENT ALLOCATION MAP

run origin  load origin   length   init length attrs members
----------  ----------- ---------- ----------- ----- -------
00000000    00000000    00003c60   00003c60    r-x
  00000000    00000000    0000026c   0000026c    r-- .intvecs
  0000026c    0000026c    0000388c   0000388c    r-x .text
  00003af8    00003af8    00000118   00000118    r-- .const
  00003c10    00003c10    00000050   00000050    r-- .cinit
20000000    20000000    00002315   00000000    rw-
  20000000    20000000    0000026c   00000000    rw- .vtable
  20000270    20000270    00001000   00000000    rw- .stack
  20001270    20001270    00001000   00000000    rw- .sysmem
  20002270    20002270    00000070   00000000    rw- .bss
  200022e0    200022e0    00000035   00000000    rw- .data


SECTION ALLOCATION MAP

 output                                  attributes/
section   page    origin      length       input sections
--------  ----  ----------  ----------   ----------------
.intvecs   0    00000000    0000026c     
                  00000000    0000026c     tm4c123gh6pm_startup_ccs.obj (.intvecs)

.text      0    0000026c    0000388c     
                  0000026c    00000c20     open_interface.obj (.text)
                  00000e8c    00000a4e     rtsv7M4_T_le_v4SPD16_eabi.lib : _printfi.c.obj (.text:__TI_printfi)
                  000018da    00000002                                   : _lock.c.obj (.text:_nop)
                  000018dc    000003cc     movement.obj (.text)
                  00001ca8    00000328     lcd.obj (.text)
                  00001fd0    00000270     rtsv7M4_T_le_v4SPD16_eabi.lib : _printfi.c.obj (.text:_pconv_a)
                  00002240    00000248     Timer.obj (.text)
                  00002488    000001d0     rtsv7M4_T_le_v4SPD16_eabi.lib : _printfi.c.obj (.text:_pconv_g)
                  00002658    000001b6                                   : fd_add_t2.asm.obj (.text)
                  0000280e    00000002                                   : div0.asm.obj (.text)
                  00002810    0000013c                                   : _printfi.c.obj (.text:_pconv_e)
                  0000294c    00000136                                   : fd_div_t2.asm.obj (.text)
                  00002a82    00000002     --HOLE-- [fill = 0]
                  00002a84    00000124                                   : _printfi.c.obj (.text:fcvt)
                  00002ba8    00000110                                   : s_scalbn.c.obj (.text:scalbn)
                  00002cb8    00000100                                   : memory.c.obj (.text:aligned_alloc)
                  00002db8    000000fc                                   : fd_mul_t2.asm.obj (.text)
                  00002eb4    000000e4                                   : memory.c.obj (.text:free)
                  00002f98    000000c4     helloworld.obj (.text)
                  0000305c    000000b1     rtsv7M4_T_le_v4SPD16_eabi.lib : _printfi.c.obj (.text:_ltostr)
                  0000310d    00000001     --HOLE-- [fill = 0]
                  0000310e    0000009c                                   : memcpy_t2.asm.obj (.text)
                  000031aa    00000096                                   : ull_div_t2.asm.obj (.text)
                  00003240    00000086                                   : fd_cmp_t2.asm.obj (.text:__aeabi_cdcmple)
                  000032c6    00000086                                   : fd_cmp_t2.asm.obj (.text:__aeabi_cdrcmple)
                  0000334c    0000007a                                   : memset_t2.asm.obj (.text)
                  000033c6    00000002     --HOLE-- [fill = 0]
                  000033c8    00000070                                   : memory.c.obj (.text:split)
                  00003438    0000006e                                   : _printfi.c.obj (.text:_mcpy)
                  000034a6    0000006e                                   : fd_tos_t2.asm.obj (.text)
                  00003514    00000068                                   : copy_decompress_lzss.c.obj (.text:decompress:lzss:__TI_decompress_lzss)
                  0000357c    00000064                                   : s_frexp.c.obj (.text:frexp)
                  000035e0    00000056                                   : _printfi.c.obj (.text:_pconv_f)
                  00003636    00000054                                   : _ltoa.c.obj (.text:__TI_ltoa)
                  0000368a    00000052                                   : _printfi.c.obj (.text:_ecpy)
                  000036dc    0000004c                                   : atoi.c.obj (.text:atoi)
                  00003728    00000048                                   : fd_toi_t2.asm.obj (.text)
                  00003770    00000044                                   : autoinit.c.obj (.text:__TI_auto_init_nobinit_nopinit:__TI_auto_init_nobinit_nopinit)
                  000037b4    00000040                                   : vsnprintf.c.obj (.text:vsnprintf)
                  000037f4    0000003e                                   : _printfi.c.obj (.text:_fcpy)
                  00003832    00000002     --HOLE-- [fill = 0]
                  00003834    00000038                                   : memory.c.obj (.text:calloc)
                  0000386c    00000038                                   : fs_tod_t2.asm.obj (.text)
                  000038a4    00000034     driverlib.lib : interrupt.obj (.text:IntRegister)
                  000038d8    00000034     rtsv7M4_T_le_v4SPD16_eabi.lib : boot_cortex_m.c.obj (.text:_c_int00_noargs:_c_int00_noargs)
                  0000390c    00000030                                   : vsnprintf.c.obj (.text:_outs)
                  0000393c    0000002e                                   : i_tofd_t2.asm.obj (.text)
                  0000396a    00000002     --HOLE-- [fill = 0]
                  0000396c    00000028                                   : memory.c.obj (.text:free_list_insert)
                  00003994    0000001c                                   : copy_zero_init.c.obj (.text:decompress:ZI:__TI_zero_init_nomemset:__TI_zero_init_nomemset)
                  000039b0    0000001c                                   : memory.c.obj (.text:free_list_remove)
                  000039cc    0000001c                                   : memccpy.c.obj (.text:memccpy)
                  000039e8    0000001a                                   : s_copysign.c.obj (.text:copysign)
                  00003a02    00000018                                   : vsnprintf.c.obj (.text:_outc)
                  00003a1a    00000018     open_interface.obj (.text:oi_parseInt)
                  00003a32    00000018     rtsv7M4_T_le_v4SPD16_eabi.lib : strcmp.c.obj (.text:strcmp)
                  00003a4a    00000016                                   : strchr.c.obj (.text:strchr)
                  00003a60    00000014                                   : strcpy.c.obj (.text:strcpy)
                  00003a74    00000014                                   : strlen.c.obj (.text:strlen)
                  00003a88    00000012                                   : wcslen.c.obj (.text:wcslen)
                  00003a9a    00000010     driverlib.lib : interrupt.obj (.text:IntMasterEnable)
                  00003aaa    00000010     lcd.obj (.text:lcd_clear)
                  00003aba    0000000e     rtsv7M4_T_le_v4SPD16_eabi.lib : copy_decompress_none.c.obj (.text:decompress:none:__TI_decompress_none)
                  00003ac8    0000000c     driverlib.lib : cpu.obj (.text:CPUcpsie)
                  00003ad4    0000000c     tm4c123gh6pm_startup_ccs.obj (.text)
                  00003ae0    00000008     rtsv7M4_T_le_v4SPD16_eabi.lib : errno.c.obj (.text:__aeabi_errno_addr)
                  00003ae8    00000008                                   : memory.c.obj (.text:malloc)
                  00003af0    00000004                                   : pre_init.c.obj (.text:_system_pre_init)
                  00003af4    00000004                                   : exit.c.obj (.text:abort:abort)

.const     0    00003af8    00000118     
                  00003af8    00000101     rtsv7M4_T_le_v4SPD16_eabi.lib : ctype.c.obj (.const:.string:_ctypes_)
                  00003bf9    0000000f     open_interface.obj (.const:.string:$P$T0$3)
                  00003c08    00000004     lcd.obj (.const:.string:lineAddress$1)
                  00003c0c    00000004     lcd.obj (.const:.string:lineAddresses$2)

.cinit     0    00003c10    00000050     
                  00003c10    00000018     (.cinit..data.load) [load image, compression = lzss]
                  00003c28    0000000c     (__TI_handler_table)
                  00003c34    00000004     --HOLE-- [fill = 0]
                  00003c38    00000008     (.cinit..bss.load) [load image, compression = zero_init]
                  00003c40    00000008     (.cinit..vtable.load) [load image, compression = zero_init]
                  00003c48    00000018     (__TI_cinit_table)

.init_array 
*          0    00000000    00000000     UNINITIALIZED

.vtable    0    20000000    0000026c     UNINITIALIZED
                  20000000    0000026c     driverlib.lib : interrupt.obj (.vtable)

.stack     0    20000270    00001000     UNINITIALIZED
                  20000270    00000004     rtsv7M4_T_le_v4SPD16_eabi.lib : boot_cortex_m.c.obj (.stack)
                  20000274    00000ffc     --HOLE--

.sysmem    0    20001270    00001000     UNINITIALIZED
                  20001270    00000010     rtsv7M4_T_le_v4SPD16_eabi.lib : memory.c.obj (.sysmem)
                  20001280    00000ff0     --HOLE--

.bss       0    20002270    00000070     UNINITIALIZED
                  20002270    00000054     lcd.obj (.bss:lastbuffer$3)
                  200022c4    00000018     open_interface.obj (.bss:firmware$2)
                  200022dc    00000004     (.common:_timeout_ticks)

.data      0    200022e0    00000035     UNINITIALIZED
                  200022e0    00000020     open_interface.obj (.data)
                  20002300    00000008     rtsv7M4_T_le_v4SPD16_eabi.lib : _lock.c.obj (.data:$O1$$)
                  20002308    00000008                                   : memory.c.obj (.data:$O1$$)
                  20002310    00000004                                   : errno.c.obj (.data)
                  20002314    00000001     Timer.obj (.data)

__llvm_prf_cnts 
*          0    20000000    00000000     UNINITIALIZED

MODULE SUMMARY

       Module                         code    ro data   rw data
       ------                         ----    -------   -------
    .\
       open_interface.obj             3128    15        56     
       movement.obj                   972     0         0      
       lcd.obj                        824     8         84     
       tm4c123gh6pm_startup_ccs.obj   12      620       0      
       Timer.obj                      584     0         5      
       helloworld.obj                 196     0         0      
    +--+------------------------------+-------+---------+---------+
       Total:                         5716    643       145    
                                                               
    C:/ti/TivaWare_C_Series-2.2.0.295/driverlib/ccs/Debug/driverlib.lib
       interrupt.obj                  68      0         620    
       cpu.obj                        12      0         0      
    +--+------------------------------+-------+---------+---------+
       Total:                         80      0         620    
                                                               
    C:\ti\ccs1271\ccs\tools\compiler\ti-cgt-arm_20.2.7.LTS\lib\rtsv7M4_T_le_v4SPD16_eabi.lib
       _printfi.c.obj                 4851    0         0      
       memory.c.obj                   728     0         8      
       fd_add_t2.asm.obj              438     0         0      
       fd_div_t2.asm.obj              310     0         0      
       s_scalbn.c.obj                 272     0         0      
       fd_cmp_t2.asm.obj              268     0         0      
       ctype.c.obj                    0       257       0      
       fd_mul_t2.asm.obj              252     0         0      
       memcpy_t2.asm.obj              156     0         0      
       ull_div_t2.asm.obj             150     0         0      
       vsnprintf.c.obj                136     0         0      
       memset_t2.asm.obj              122     0         0      
       fd_tos_t2.asm.obj              110     0         0      
       copy_decompress_lzss.c.obj     104     0         0      
       s_frexp.c.obj                  100     0         0      
       _ltoa.c.obj                    84      0         0      
       atoi.c.obj                     76      0         0      
       fd_toi_t2.asm.obj              72      0         0      
       autoinit.c.obj                 68      0         0      
       fs_tod_t2.asm.obj              56      0         0      
       boot_cortex_m.c.obj            52      0         0      
       i_tofd_t2.asm.obj              46      0         0      
       copy_zero_init.c.obj           28      0         0      
       memccpy.c.obj                  28      0         0      
       s_copysign.c.obj               26      0         0      
       strcmp.c.obj                   24      0         0      
       strchr.c.obj                   22      0         0      
       strcpy.c.obj                   20      0         0      
       strlen.c.obj                   20      0         0      
       wcslen.c.obj                   18      0         0      
       copy_decompress_none.c.obj     14      0         0      
       errno.c.obj                    8       0         4      
       _lock.c.obj                    2       0         8      
       exit.c.obj                     4       0         0      
       pre_init.c.obj                 4       0         0      
       div0.asm.obj                   2       0         0      
    +--+------------------------------+-------+---------+---------+
       Total:                         8671    257       20     
                                                               
       Heap:                          0       0         4096   
       Stack:                         0       0         4096   
       Linker Generated:              0       76        0      
    +--+------------------------------+-------+---------+---------+
       Grand Total:                   14467   976       8977   


LINKER GENERATED COPY TABLES

__TI_cinit_table @ 00003c48 records: 3, size/record: 8, table size: 24
	.data: load addr=00003c10, load size=00000018 bytes, run addr=200022e0, run size=00000035 bytes, compression=lzss
	.bss: load addr=00003c38, load size=00000008 bytes, run addr=20002270, run size=00000070 bytes, compression=zero_init
	.vtable: load addr=00003c40, load size=00000008 bytes, run addr=20000000, run size=0000026c bytes, compression=zero_init


LINKER GENERATED HANDLER TABLE

__TI_handler_table @ 00003c28 records: 3, size/record: 4, table size: 12
	index: 0, handler: __TI_zero_init
	index: 1, handler: __TI_decompress_lzss
	index: 2, handler: __TI_decompress_none


GLOBAL SYMBOLS: SORTED ALPHABETICALLY BY Name 

address   name                          
-------   ----                          
00003af5  C$$EXIT                       
00003ac9  CPUcpsie                      
00000bc3  GPIOF_Handler                 
00003a9b  IntMasterEnable               
000038a5  IntRegister                   
00003ad5  ResetISR                      
20001270  __STACK_END                   
00001000  __STACK_SIZE                  
20000470  __STACK_TOP                   
00001000  __SYSMEM_SIZE                 
00003c48  __TI_CINIT_Base               
00003c60  __TI_CINIT_Limit              
00003c28  __TI_Handler_Table_Base       
00003c34  __TI_Handler_Table_Limit      
00003771  __TI_auto_init_nobinit_nopinit
00003515  __TI_decompress_lzss          
00003abb  __TI_decompress_none          
00003637  __TI_ltoa                     
ffffffff  __TI_pprof_out_hndl           
00000e8d  __TI_printfi                  
ffffffff  __TI_prof_data_size           
ffffffff  __TI_prof_data_start          
00000000  __TI_static_base__            
00003995  __TI_zero_init_nomemset       
00003241  __aeabi_cdcmpeq               
00003241  __aeabi_cdcmple               
000032c7  __aeabi_cdrcmple              
000034a7  __aeabi_d2f                   
00003729  __aeabi_d2iz                  
00002663  __aeabi_dadd                  
0000294d  __aeabi_ddiv                  
00002db9  __aeabi_dmul                  
00002659  __aeabi_dsub                  
00003ae1  __aeabi_errno_addr            
0000386d  __aeabi_f2d                   
0000393d  __aeabi_i2d                   
0000280f  __aeabi_idiv0                 
0000280f  __aeabi_ldiv0                 
0000334d  __aeabi_memclr                
0000334d  __aeabi_memclr4               
0000334d  __aeabi_memclr8               
0000310f  __aeabi_memcpy                
0000310f  __aeabi_memcpy4               
0000310f  __aeabi_memcpy8               
0000334f  __aeabi_memset                
0000334f  __aeabi_memset4               
0000334f  __aeabi_memset8               
000031ab  __aeabi_uldivmod              
ffffffff  __binit__                     
ffffffff  __c_args__                    
UNDEFED   __mpu_init                    
20000270  __stack                       
20000000  __start___llvm_prf_cnts       
20000000  __stop___llvm_prf_cnts        
000038d9  _c_int00_noargs               
00003af8  _ctypes_                      
20002300  _lock                         
000018db  _nop                          
20002314  _running                      
20001270  _sys_memory                   
UNDEFED   _system_post_cinit            
00003af1  _system_pre_init              
200022dc  _timeout_ticks                
20002304  _unlock                       
00003af5  abort                         
00002cb9  aligned_alloc                 
000036dd  atoi                          
ffffffff  binit                         
00003835  calloc                        
00001b95  collision_detector            
000039e9  copysign                      
000039e9  copysignl                     
20002310  errno                         
00002eb5  free                          
0000357d  frexp                         
0000357d  frexpl                        
20000000  g_pfnRAMVectors               
00000000  g_pfnVectors                  
0000097f  go_charge                     
00003aab  lcd_clear                     
00001e7d  lcd_gotoLine                  
00001ce5  lcd_init                      
00001ee3  lcd_printf                    
00001da5  lcd_putc                      
00001ddd  lcd_puts                      
00001ca9  lcd_reverseNibble             
00001dfb  lcd_sendCommand               
00001e39  lcd_sendNibble                
00001ea5  lcd_setCursorPos              
00002ba9  ldexp                         
00002ba9  ldexpl                        
00002f99  main                          
00003ae9  malloc                        
00002cb9  memalign                      
000039cd  memccpy                       
0000310f  memcpy                        
00003355  memset                        
200022e0  motor_cal_factor_L            
200022e4  motor_cal_factor_R            
00001977  move_backwards                
000018dd  move_forward                  
0000026d  oi_alloc                      
00000aa9  oi_checkFirmware              
000002c7  oi_close                      
00000279  oi_free                       
00000ded  oi_getMotorCalibrationLeft    
00000e01  oi_getMotorCalibrationRight   
000002b1  oi_init                       
00000289  oi_init_noupdate              
00000915  oi_loadSong                   
00003a1b  oi_parseInt                   
0000032b  oi_parsePacket                
0000096b  oi_play_song                  
0000084b  oi_setLeds                    
00000db1  oi_setMotorCalibration        
0000088f  oi_setWheels                  
00000b51  oi_shutoff_init               
0000098d  oi_uartInit                   
00000a31  oi_uartReceive                
00000a77  oi_uartSendBuff               
00000a15  oi_uartSendChar               
00000a59  oi_uartSendStr                
000002d9  oi_update                     
00002ba9  scalbn                        
00002ba9  scalbnl                       
00003a4b  strchr                        
00003a33  strcmp                        
00003a61  strcpy                        
00003a75  strlen                        
0000235f  timer_getMicros               
00002307  timer_getMillis               
00002241  timer_init                    
000022e3  timer_pause                   
000022f5  timer_resume                  
000022b9  timer_stop                    
000023b9  timer_waitMicros              
000023eb  timer_waitMillis              
00001a19  turn_left                     
00001ac7  turn_right                    
000037b5  vsnprintf                     
00003a89  wcslen                        


GLOBAL SYMBOLS: SORTED BY Symbol Address 

address   name                          
-------   ----                          
00000000  __TI_static_base__            
00000000  g_pfnVectors                  
0000026d  oi_alloc                      
00000279  oi_free                       
00000289  oi_init_noupdate              
000002b1  oi_init                       
000002c7  oi_close                      
000002d9  oi_update                     
0000032b  oi_parsePacket                
0000084b  oi_setLeds                    
0000088f  oi_setWheels                  
00000915  oi_loadSong                   
0000096b  oi_play_song                  
0000097f  go_charge                     
0000098d  oi_uartInit                   
00000a15  oi_uartSendChar               
00000a31  oi_uartReceive                
00000a59  oi_uartSendStr                
00000a77  oi_uartSendBuff               
00000aa9  oi_checkFirmware              
00000b51  oi_shutoff_init               
00000bc3  GPIOF_Handler                 
00000db1  oi_setMotorCalibration        
00000ded  oi_getMotorCalibrationLeft    
00000e01  oi_getMotorCalibrationRight   
00000e8d  __TI_printfi                  
00001000  __STACK_SIZE                  
00001000  __SYSMEM_SIZE                 
000018db  _nop                          
000018dd  move_forward                  
00001977  move_backwards                
00001a19  turn_left                     
00001ac7  turn_right                    
00001b95  collision_detector            
00001ca9  lcd_reverseNibble             
00001ce5  lcd_init                      
00001da5  lcd_putc                      
00001ddd  lcd_puts                      
00001dfb  lcd_sendCommand               
00001e39  lcd_sendNibble                
00001e7d  lcd_gotoLine                  
00001ea5  lcd_setCursorPos              
00001ee3  lcd_printf                    
00002241  timer_init                    
000022b9  timer_stop                    
000022e3  timer_pause                   
000022f5  timer_resume                  
00002307  timer_getMillis               
0000235f  timer_getMicros               
000023b9  timer_waitMicros              
000023eb  timer_waitMillis              
00002659  __aeabi_dsub                  
00002663  __aeabi_dadd                  
0000280f  __aeabi_idiv0                 
0000280f  __aeabi_ldiv0                 
0000294d  __aeabi_ddiv                  
00002ba9  ldexp                         
00002ba9  ldexpl                        
00002ba9  scalbn                        
00002ba9  scalbnl                       
00002cb9  aligned_alloc                 
00002cb9  memalign                      
00002db9  __aeabi_dmul                  
00002eb5  free                          
00002f99  main                          
0000310f  __aeabi_memcpy                
0000310f  __aeabi_memcpy4               
0000310f  __aeabi_memcpy8               
0000310f  memcpy                        
000031ab  __aeabi_uldivmod              
00003241  __aeabi_cdcmpeq               
00003241  __aeabi_cdcmple               
000032c7  __aeabi_cdrcmple              
0000334d  __aeabi_memclr                
0000334d  __aeabi_memclr4               
0000334d  __aeabi_memclr8               
0000334f  __aeabi_memset                
0000334f  __aeabi_memset4               
0000334f  __aeabi_memset8               
00003355  memset                        
000034a7  __aeabi_d2f                   
00003515  __TI_decompress_lzss          
0000357d  frexp                         
0000357d  frexpl                        
00003637  __TI_ltoa                     
000036dd  atoi                          
00003729  __aeabi_d2iz                  
00003771  __TI_auto_init_nobinit_nopinit
000037b5  vsnprintf                     
00003835  calloc                        
0000386d  __aeabi_f2d                   
000038a5  IntRegister                   
000038d9  _c_int00_noargs               
0000393d  __aeabi_i2d                   
00003995  __TI_zero_init_nomemset       
000039cd  memccpy                       
000039e9  copysign                      
000039e9  copysignl                     
00003a1b  oi_parseInt                   
00003a33  strcmp                        
00003a4b  strchr                        
00003a61  strcpy                        
00003a75  strlen                        
00003a89  wcslen                        
00003a9b  IntMasterEnable               
00003aab  lcd_clear                     
00003abb  __TI_decompress_none          
00003ac9  CPUcpsie                      
00003ad5  ResetISR                      
00003ae1  __aeabi_errno_addr            
00003ae9  malloc                        
00003af1  _system_pre_init              
00003af5  C$$EXIT                       
00003af5  abort                         
00003af8  _ctypes_                      
00003c28  __TI_Handler_Table_Base       
00003c34  __TI_Handler_Table_Limit      
00003c48  __TI_CINIT_Base               
00003c60  __TI_CINIT_Limit              
20000000  __start___llvm_prf_cnts       
20000000  __stop___llvm_prf_cnts        
20000000  g_pfnRAMVectors               
20000270  __stack                       
20000470  __STACK_TOP                   
20001270  __STACK_END                   
20001270  _sys_memory                   
200022dc  _timeout_ticks                
200022e0  motor_cal_factor_L            
200022e4  motor_cal_factor_R            
20002300  _lock                         
20002304  _unlock                       
20002310  errno                         
20002314  _running                      
ffffffff  __TI_pprof_out_hndl           
ffffffff  __TI_prof_data_size           
ffffffff  __TI_prof_data_start          
ffffffff  __binit__                     
ffffffff  __c_args__                    
ffffffff  binit                         
UNDEFED   __mpu_init                    
UNDEFED   _system_post_cinit            

[141 symbols]
